04/13/2022, 05:35:03:   POST
symbol: Ensure this field has no more than 10 characters.

